[2025-08-14 14:31:20] === RESP START ===
version(short)=3 (AMF3)
headerCount(short)=0
messageCount(short)=1
client.readInt() should see combined(header<<16 | message) = 1
msg[0].targetUri=/3/onStatus
msg[0].responseUri=
msg[0].contentLength=-1 (FFFFFFFF)
msg[0].body.firstByte=11
msg[0].body.first32=11 0A 0B 01 0D 73 74 61 74 75 73 06 03 30 0B 65 72 72 6F 72 06 1F 63 72 65 61 74 65 43 68 61 72
msg[0].body.len=38
=== RESP END ===
[2025-08-14 14:52:36] === RESP START ===
version(short)=3 (AMF3)
headerCount(short)=0
messageCount(short)=1
client.readInt() should see combined(header<<16 | message) = 1
msg[0].targetUri=/1/onResult
msg[0].responseUri=
msg[0].contentLength=-1 (FFFFFFFF)
msg[0].body.firstByte=11
msg[0].body.first32=11 0A 0B 01 0D 73 74 61 74 75 73 04 01 0D 72 65 73 75 6C 74 09 09 01 04 02 04 01 04 00 06 41 34
msg[0].body.len=88
=== RESP END ===
[2025-08-14 14:52:37] === RESP START ===
version(short)=3 (AMF3)
headerCount(short)=0
messageCount(short)=1
client.readInt() should see combined(header<<16 | message) = 1
msg[0].targetUri=/2/onResult
msg[0].responseUri=
msg[0].contentLength=-1 (FFFFFFFF)
msg[0].body.firstByte=11
msg[0].body.first32=11 0A 0B 01 1B 6C 6F 67 69 6E 5F 70 65 72 5F 64 61 79 06 03 36 0D 73 74 61 74 75 73 06 03 31 0D
msg[0].body.len=42
=== RESP END ===
[2025-08-14 14:53:17] === RESP START ===
version(short)=3 (AMF3)
headerCount(short)=0
messageCount(short)=1
client.readInt() should see combined(header<<16 | message) = 1
msg[0].targetUri=/3/onStatus
msg[0].responseUri=
msg[0].contentLength=-1 (FFFFFFFF)
msg[0].body.firstByte=11
msg[0].body.first32=11 0A 0B 01 0B 65 72 72 6F 72 06 1F 63 72 65 61 74 65 43 68 61 72 61 63 74 65 72 0D 73 74 61 74
msg[0].body.len=38
=== RESP END ===
[2025-08-14 14:55:42] === RESP START ===
version(short)=3 (AMF3)
headerCount(short)=0
messageCount(short)=1
client.readInt() should see combined(header<<16 | message) = 1
msg[0].targetUri=/1/onResult
msg[0].responseUri=
msg[0].contentLength=-1 (FFFFFFFF)
msg[0].body.firstByte=11
msg[0].body.first32=11 0A 0B 01 0D 73 74 61 74 75 73 04 01 0D 72 65 73 75 6C 74 09 09 01 04 02 04 01 04 00 06 41 39
msg[0].body.len=88
=== RESP END ===
[2025-08-14 14:55:42] === RESP START ===
version(short)=3 (AMF3)
headerCount(short)=0
messageCount(short)=1
client.readInt() should see combined(header<<16 | message) = 1
msg[0].targetUri=/2/onResult
msg[0].responseUri=
msg[0].contentLength=-1 (FFFFFFFF)
msg[0].body.firstByte=11
msg[0].body.first32=11 0A 0B 01 1B 6C 6F 67 69 6E 5F 70 65 72 5F 64 61 79 06 03 37 0D 73 74 61 74 75 73 06 03 31 0D
msg[0].body.len=42
=== RESP END ===
[2025-08-14 14:56:30] === RESP START ===
version(short)=3 (AMF3)
headerCount(short)=0
messageCount(short)=1
client.readInt() should see combined(header<<16 | message) = 1
msg[0].targetUri=/3/onStatus
msg[0].responseUri=
msg[0].contentLength=-1 (FFFFFFFF)
msg[0].body.firstByte=11
msg[0].body.first32=11 0A 0B 01 0B 65 72 72 6F 72 06 31 46 6F 72 20 69 6E 70 75 74 20 73 74 72 69 6E 67 3A 20 22 30
msg[0].body.len=47
=== RESP END ===
[2025-08-14 15:04:10] === RESP START ===
version(short)=3 (AMF3)
headerCount(short)=0
messageCount(short)=1
client.readInt() should see combined(header<<16 | message) = 1
msg[0].targetUri=/1/onResult
msg[0].responseUri=
msg[0].contentLength=-1 (FFFFFFFF)
msg[0].body.firstByte=11
msg[0].body.first32=11 0A 0B 01 0D 73 74 61 74 75 73 04 01 0D 72 65 73 75 6C 74 09 09 01 04 02 04 01 04 00 06 41 39
msg[0].body.len=88
=== RESP END ===
[2025-08-14 15:04:10] === RESP START ===
version(short)=3 (AMF3)
headerCount(short)=0
messageCount(short)=1
client.readInt() should see combined(header<<16 | message) = 1
msg[0].targetUri=/2/onResult
msg[0].responseUri=
msg[0].contentLength=-1 (FFFFFFFF)
msg[0].body.firstByte=11
msg[0].body.first32=11 0A 0B 01 1B 6C 6F 67 69 6E 5F 70 65 72 5F 64 61 79 06 03 38 0D 73 74 61 74 75 73 06 03 31 0D
msg[0].body.len=42
=== RESP END ===
[2025-08-14 15:05:41] === RESP START ===
version(short)=3 (AMF3)
headerCount(short)=0
messageCount(short)=1
client.readInt() should see combined(header<<16 | message) = 1
msg[0].targetUri=/3/onStatus
msg[0].responseUri=
msg[0].contentLength=-1 (FFFFFFFF)
msg[0].body.firstByte=11
msg[0].body.first32=11 0A 0B 01 0B 65 72 72 6F 72 06 31 46 6F 72 20 69 6E 70 75 74 20 73 74 72 69 6E 67 3A 20 22 30
msg[0].body.len=47
=== RESP END ===
[2025-08-14 15:06:35] === RESP START ===
version(short)=3 (AMF3)
headerCount(short)=0
messageCount(short)=1
client.readInt() should see combined(header<<16 | message) = 1
msg[0].targetUri=/1/onResult
msg[0].responseUri=
msg[0].contentLength=-1 (FFFFFFFF)
msg[0].body.firstByte=11
msg[0].body.first32=11 0A 0B 01 0D 73 74 61 74 75 73 04 01 0D 72 65 73 75 6C 74 09 09 01 04 02 04 01 04 00 06 41 31
msg[0].body.len=88
=== RESP END ===
[2025-08-14 15:06:35] === RESP START ===
version(short)=3 (AMF3)
headerCount(short)=0
messageCount(short)=1
client.readInt() should see combined(header<<16 | message) = 1
msg[0].targetUri=/2/onResult
msg[0].responseUri=
msg[0].contentLength=-1 (FFFFFFFF)
msg[0].body.firstByte=11
msg[0].body.first32=11 0A 0B 01 1B 6C 6F 67 69 6E 5F 70 65 72 5F 64 61 79 06 03 39 0D 73 74 61 74 75 73 06 03 31 0D
msg[0].body.len=42
=== RESP END ===
[2025-08-14 15:07:37] === RESP START ===
version(short)=3 (AMF3)
headerCount(short)=0
messageCount(short)=1
client.readInt() should see combined(header<<16 | message) = 1
msg[0].targetUri=/3/onResult
msg[0].responseUri=
msg[0].contentLength=-1 (FFFFFFFF)
msg[0].body.firstByte=11
msg[0].body.first32=11 0A 0B 01 0D 73 74 61 74 75 73 06 03 31 19 63 68 61 72 61 63 74 65 72 5F 69 64 05 40 00 00 00
msg[0].body.len=132
=== RESP END ===
[2025-08-14 15:07:37] === RESP START ===
version(short)=3 (AMF3)
headerCount(short)=0
messageCount(short)=1
client.readInt() should see combined(header<<16 | message) = 1
msg[0].targetUri=/4/onStatus
msg[0].responseUri=
msg[0].contentLength=-1 (FFFFFFFF)
msg[0].body.firstByte=11
msg[0].body.first32=11 0A 0B 01 0B 65 72 72 6F 72 06 3B 53 65 72 76 69 63 65 20 6E 6F 74 20 66 6F 75 6E 64 3A 20 53
msg[0].body.len=52
=== RESP END ===
[2025-08-14 15:14:01] === RESP START ===
version(short)=3 (AMF3)
headerCount(short)=0
messageCount(short)=1
client.readInt() should see combined(header<<16 | message) = 1
msg[0].targetUri=/1/onResult
msg[0].responseUri=
msg[0].contentLength=-1 (FFFFFFFF)
msg[0].body.firstByte=11
msg[0].body.first32=11 0A 0B 01 0D 73 74 61 74 75 73 04 01 0D 72 65 73 75 6C 74 09 09 01 04 02 04 01 04 00 06 41 65
msg[0].body.len=88
=== RESP END ===
[2025-08-14 15:14:01] === RESP START ===
version(short)=3 (AMF3)
headerCount(short)=0
messageCount(short)=1
client.readInt() should see combined(header<<16 | message) = 1
msg[0].targetUri=/2/onResult
msg[0].responseUri=
msg[0].contentLength=-1 (FFFFFFFF)
msg[0].body.firstByte=11
msg[0].body.first32=11 0A 0B 01 1B 6C 6F 67 69 6E 5F 70 65 72 5F 64 61 79 06 05 31 30 0D 73 74 61 74 75 73 06 03 31
msg[0].body.len=43
=== RESP END ===
[2025-08-14 15:14:51] === RESP START ===
version(short)=3 (AMF3)
headerCount(short)=0
messageCount(short)=1
client.readInt() should see combined(header<<16 | message) = 1
msg[0].targetUri=/3/onResult
msg[0].responseUri=
msg[0].contentLength=-1 (FFFFFFFF)
msg[0].body.firstByte=11
msg[0].body.first32=11 0A 0B 01 0D 73 74 61 74 75 73 06 03 31 19 63 68 61 72 61 63 74 65 72 5F 69 64 05 40 00 00 00
msg[0].body.len=130
=== RESP END ===
[2025-08-14 15:14:51] === RESP START ===
version(short)=3 (AMF3)
headerCount(short)=0
messageCount(short)=1
client.readInt() should see combined(header<<16 | message) = 1
msg[0].targetUri=/4/onStatus
msg[0].responseUri=
msg[0].contentLength=-1 (FFFFFFFF)
msg[0].body.firstByte=11
msg[0].body.first32=11 0A 0B 01 0B 65 72 72 6F 72 06 3B 53 65 72 76 69 63 65 20 6E 6F 74 20 66 6F 75 6E 64 3A 20 53
msg[0].body.len=52
=== RESP END ===
[2025-08-14 15:16:25] === RESP START ===
version(short)=3 (AMF3)
headerCount(short)=0
messageCount(short)=1
client.readInt() should see combined(header<<16 | message) = 1
msg[0].targetUri=/1/onResult
msg[0].responseUri=
msg[0].contentLength=-1 (FFFFFFFF)
msg[0].body.firstByte=11
msg[0].body.first32=11 0A 0B 01 0D 73 74 61 74 75 73 04 01 0D 72 65 73 75 6C 74 09 09 01 04 02 04 01 04 00 06 41 34
msg[0].body.len=88
=== RESP END ===
[2025-08-14 15:16:25] === RESP START ===
version(short)=3 (AMF3)
headerCount(short)=0
messageCount(short)=1
client.readInt() should see combined(header<<16 | message) = 1
msg[0].targetUri=/2/onResult
msg[0].responseUri=
msg[0].contentLength=-1 (FFFFFFFF)
msg[0].body.firstByte=11
msg[0].body.first32=11 0A 0B 01 1B 6C 6F 67 69 6E 5F 70 65 72 5F 64 61 79 06 05 31 31 0D 73 74 61 74 75 73 06 03 31
msg[0].body.len=43
=== RESP END ===
[2025-08-14 15:29:22] === RESP START ===
version(short)=3 (AMF3)
headerCount(short)=0
messageCount(short)=1
client.readInt() should see combined(header<<16 | message) = 1
msg[0].targetUri=/3/onResult
msg[0].responseUri=
msg[0].contentLength=-1 (FFFFFFFF)
msg[0].body.firstByte=11
msg[0].body.first32=11 0A 0B 01 0D 73 74 61 74 75 73 06 03 31 19 63 68 61 72 61 63 74 65 72 5F 69 64 05 40 00 00 00
msg[0].body.len=130
=== RESP END ===
[2025-08-14 15:29:22] === RESP START ===
version(short)=3 (AMF3)
headerCount(short)=0
messageCount(short)=1
client.readInt() should see combined(header<<16 | message) = 1
msg[0].targetUri=/4/onStatus
msg[0].responseUri=
msg[0].contentLength=-1 (FFFFFFFF)
msg[0].body.firstByte=11
msg[0].body.first32=11 0A 0B 01 0B 65 72 72 6F 72 06 3B 53 65 72 76 69 63 65 20 6E 6F 74 20 66 6F 75 6E 64 3A 20 53
msg[0].body.len=52
=== RESP END ===
